../rpmsg_lite/rpmsg_lite/rpmsg_lite.c:116:22:rpmsg_lite_get_endpoint_from_addr	0	static
../rpmsg_lite/rpmsg_lite/rpmsg_lite.c:151:13:rpmsg_lite_rx_callback	24	static
../rpmsg_lite/rpmsg_lite/rpmsg_lite.c:618:16:rpmsg_lite_format_message	40	static
../rpmsg_lite/rpmsg_lite/rpmsg_lite.c:419:13:virtqueue_notify	8	static
../rpmsg_lite/rpmsg_lite/rpmsg_lite.c:388:13:vq_rx_free_master	8	static
../rpmsg_lite/rpmsg_lite/rpmsg_lite.c:336:13:vq_tx_master	8	static
../rpmsg_lite/rpmsg_lite/rpmsg_lite.c:373:14:vq_rx_master	8	static
../rpmsg_lite/rpmsg_lite/rpmsg_lite.c:357:14:vq_tx_alloc_master	8	static
../rpmsg_lite/rpmsg_lite/rpmsg_lite.c:218:13:rpmsg_lite_tx_callback	8	static
../rpmsg_lite/rpmsg_lite/rpmsg_lite.c:300:13:vq_rx_free_remote	8	static
../rpmsg_lite/rpmsg_lite/rpmsg_lite.c:249:13:vq_tx_remote	8	static
../rpmsg_lite/rpmsg_lite/rpmsg_lite.c:286:14:vq_rx_remote	8	static
../rpmsg_lite/rpmsg_lite/rpmsg_lite.c:270:14:vq_tx_alloc_remote	8	static
../rpmsg_lite/rpmsg_lite/rpmsg_lite.c:445:29:rpmsg_lite_create_ept	32	static
../rpmsg_lite/rpmsg_lite/rpmsg_lite.c:539:9:rpmsg_lite_destroy_ept	16	static
../rpmsg_lite/rpmsg_lite/rpmsg_lite.c:582:10:rpmsg_lite_is_link_up	0	static
../rpmsg_lite/rpmsg_lite/rpmsg_lite.c:592:10:rpmsg_lite_wait_for_link_up	8	static
../rpmsg_lite/rpmsg_lite/rpmsg_lite.c:692:9:rpmsg_lite_send	24	static
../rpmsg_lite/rpmsg_lite/rpmsg_lite.c:719:7:rpmsg_lite_alloc_tx_buffer	40	static
../rpmsg_lite/rpmsg_lite/rpmsg_lite.c:774:9:rpmsg_lite_send_nocopy	32	static
../rpmsg_lite/rpmsg_lite/rpmsg_lite.c:845:9:rpmsg_lite_release_rx_buffer	24	static
../rpmsg_lite/rpmsg_lite/rpmsg_lite.c:909:29:rpmsg_lite_master_init	80	static
../rpmsg_lite/rpmsg_lite/rpmsg_lite.c:1205:29:rpmsg_lite_remote_init	72	static
../rpmsg_lite/rpmsg_lite/rpmsg_lite.c:1391:9:rpmsg_lite_deinit	16	static
