../rpmsg_lite/rpmsg_lite/rpmsg_queue.c:36:9:rpmsg_queue_rx_cb	24	static
../rpmsg_lite/rpmsg_lite/rpmsg_queue.c:61:20:rpmsg_queue_create	16	static
../rpmsg_lite/rpmsg_lite/rpmsg_queue.c:87:9:rpmsg_queue_destroy	8	static
../rpmsg_lite/rpmsg_lite/rpmsg_queue.c:102:9:rpmsg_queue_recv	40	static
../rpmsg_lite/rpmsg_lite/rpmsg_queue.c:156:9:rpmsg_queue_recv_nocopy	40	static
../rpmsg_lite/rpmsg_lite/rpmsg_queue.c:198:9:rpmsg_queue_nocopy_free	8	static
../rpmsg_lite/rpmsg_lite/rpmsg_queue.c:213:9:rpmsg_queue_get_current_size	8	static
