../rpmsg_lite/rpmsg_lite/porting/environment/rpmsg_env_freertos.c:97:16:env_in_isr	8	static
../rpmsg_lite/rpmsg_lite/porting/environment/rpmsg_env_freertos.c:109:10:env_wait_for_link_up	24	static
../rpmsg_lite/rpmsg_lite/porting/environment/rpmsg_env_freertos.c:139:6:env_tx_callback	16	static
../rpmsg_lite/rpmsg_lite/porting/environment/rpmsg_env_freertos.c:159:9:env_init	16	static
../rpmsg_lite/rpmsg_lite/porting/environment/rpmsg_env_freertos.c:217:9:env_deinit	16	static
../rpmsg_lite/rpmsg_lite/porting/environment/rpmsg_env_freertos.c:258:7:env_allocate_memory	8	static
../rpmsg_lite/rpmsg_lite/porting/environment/rpmsg_env_freertos.c:268:6:env_free_memory	8	static
../rpmsg_lite/rpmsg_lite/porting/environment/rpmsg_env_freertos.c:284:6:env_memset	8	static
../rpmsg_lite/rpmsg_lite/porting/environment/rpmsg_env_freertos.c:297:6:env_memcpy	8	static
../rpmsg_lite/rpmsg_lite/porting/environment/rpmsg_env_freertos.c:310:9:env_strcmp	8	static
../rpmsg_lite/rpmsg_lite/porting/environment/rpmsg_env_freertos.c:323:6:env_strncpy	8	static
../rpmsg_lite/rpmsg_lite/porting/environment/rpmsg_env_freertos.c:336:9:env_strncmp	8	static
../rpmsg_lite/rpmsg_lite/porting/environment/rpmsg_env_freertos.c:346:6:env_mb	0	static
../rpmsg_lite/rpmsg_lite/porting/environment/rpmsg_env_freertos.c:354:6:env_rmb	0	static
../rpmsg_lite/rpmsg_lite/porting/environment/rpmsg_env_freertos.c:362:6:env_wmb	0	static
../rpmsg_lite/rpmsg_lite/porting/environment/rpmsg_env_freertos.c:372:10:env_map_vatopa	8	static
../rpmsg_lite/rpmsg_lite/porting/environment/rpmsg_env_freertos.c:382:7:env_map_patova	8	static
../rpmsg_lite/rpmsg_lite/porting/environment/rpmsg_env_freertos.c:396:9:env_create_mutex	8	static
../rpmsg_lite/rpmsg_lite/porting/environment/rpmsg_env_freertos.c:426:6:env_delete_mutex	8	static
../rpmsg_lite/rpmsg_lite/porting/environment/rpmsg_env_freertos.c:437:6:env_lock_mutex	8	static
../rpmsg_lite/rpmsg_lite/porting/environment/rpmsg_env_freertos.c:451:6:env_unlock_mutex	8	static
../rpmsg_lite/rpmsg_lite/porting/environment/rpmsg_env_freertos.c:473:9:env_create_sync_lock	8	static
../rpmsg_lite/rpmsg_lite/porting/environment/rpmsg_env_freertos.c:485:6:env_delete_sync_lock	8	static
../rpmsg_lite/rpmsg_lite/porting/environment/rpmsg_env_freertos.c:499:6:env_acquire_sync_lock	16	static
../rpmsg_lite/rpmsg_lite/porting/environment/rpmsg_env_freertos.c:519:6:env_release_sync_lock	16	static
../rpmsg_lite/rpmsg_lite/porting/environment/rpmsg_env_freertos.c:539:6:env_sleep_msec	8	static
../rpmsg_lite/rpmsg_lite/porting/environment/rpmsg_env_freertos.c:552:6:env_register_isr	0	static
../rpmsg_lite/rpmsg_lite/porting/environment/rpmsg_env_freertos.c:568:6:env_unregister_isr	0	static
../rpmsg_lite/rpmsg_lite/porting/environment/rpmsg_env_freertos.c:585:6:env_enable_interrupt	8	static
../rpmsg_lite/rpmsg_lite/porting/environment/rpmsg_env_freertos.c:598:6:env_disable_interrupt	8	static
../rpmsg_lite/rpmsg_lite/porting/environment/rpmsg_env_freertos.c:614:6:env_map_memory	8	static
../rpmsg_lite/rpmsg_lite/porting/environment/rpmsg_env_freertos.c:626:6:env_disable_cache	8	static
../rpmsg_lite/rpmsg_lite/porting/environment/rpmsg_env_freertos.c:640:10:env_get_timestamp	8	static
../rpmsg_lite/rpmsg_lite/porting/environment/rpmsg_env_freertos.c:655:6:env_isr	8	static
../rpmsg_lite/rpmsg_lite/porting/environment/rpmsg_env_freertos.c:689:9:env_create_queue	8	static
../rpmsg_lite/rpmsg_lite/porting/environment/rpmsg_env_freertos.c:711:6:env_delete_queue	8	static
../rpmsg_lite/rpmsg_lite/porting/environment/rpmsg_env_freertos.c:728:9:env_put_queue	32	static
../rpmsg_lite/rpmsg_lite/porting/environment/rpmsg_env_freertos.c:762:9:env_get_queue	32	static
../rpmsg_lite/rpmsg_lite/porting/environment/rpmsg_env_freertos.c:794:9:env_get_current_queue_size	8	static
