../utilities/fsl_str.c:103:17:PrintGetWidth	0	static
../utilities/fsl_str.c:132:17:PrintGetPrecision	8	static
../utilities/fsl_str.c:189:17:PrintIsobpu	0	static
../utilities/fsl_str.c:199:17:PrintIsdi	0	static
../utilities/fsl_str.c:209:13:PrintOutputdifFobpu	24	static
../utilities/fsl_str.c:262:13:PrintOutputxX	24	static
../utilities/fsl_str.c:323:17:PrintIsfF	0	static
../utilities/fsl_str.c:333:17:PrintIsxX	0	static
../utilities/fsl_str.c:442:13:PrintFilterLengthFlag	0	static
../utilities/fsl_str.c:456:16:PrintGetRadixFromobpu	0	static
../utilities/fsl_str.c:479:17:ScanIsWhiteSpace	0	static
../utilities/fsl_str.c:489:17:ScanIgnoreWhiteSpace	16	static
../utilities/fsl_str.c:504:16:ConvertRadixNumToString	8	static
../utilities/fsl_str.c:1061:16:StrFormatScanIsFormatStarting	0	static
../utilities/fsl_str.c:1080:16:StrFormatScanGetBase	0	static
../utilities/fsl_str.c:1103:16:StrFormatScanCheckSymbol	0	static
../utilities/fsl_str.c:1124:16:StrFormatScanFillInteger	0	static
../utilities/fsl_str.c:1225:16:StrFormatScanfStringHandling	32	static
../utilities/fsl_str.c:769:5:StrFormatPrintf	104	static
../utilities/fsl_str.c:1394:5:StrFormatScanf	64	static
