../drivers/fsl_lpi2c.c:1194:13:LPI2C_InitTransferStateMachine	8	static
../drivers/fsl_lpi2c.c:1616:17:LPI2C_SlaveCheckAndClearError	0	static
../drivers/fsl_lpi2c.c:2169:13:LPI2C_CommonIRQHandler	16	static
../drivers/fsl_lpi2c.c:149:17:LPI2C_GetCyclesForWidth	8	static
../drivers/fsl_lpi2c.c:2014:6:LPI2C_SlaveTransferHandleIRQ	16	static
../drivers/fsl_lpi2c.c:127:10:LPI2C_GetInstance	8	static
../drivers/fsl_lpi2c.c:187:10:LPI2C_MasterCheckAndClearError	0	static
../drivers/fsl_lpi2c.c:241:17:LPI2C_MasterWaitForTxReady	16	static
../drivers/fsl_lpi2c.c:1017:17:LPI2C_RunTransferStateMachine	24	static
../drivers/fsl_lpi2c.c:289:10:LPI2C_CheckForBusyBus	0	static
../drivers/fsl_lpi2c.c:326:6:LPI2C_MasterGetDefaultConfig	8	static
../drivers/fsl_lpi2c.c:449:6:LPI2C_MasterDeinit	8	static
../drivers/fsl_lpi2c.c:474:6:LPI2C_MasterConfigureDataMatch	4	static
../drivers/fsl_lpi2c.c:505:6:LPI2C_MasterSetBaudRate	48	static
../drivers/fsl_lpi2c.c:359:6:LPI2C_MasterInit	24	static
../drivers/fsl_lpi2c.c:644:10:LPI2C_MasterStart	16	static
../drivers/fsl_lpi2c.c:681:10:LPI2C_MasterStop	16	static
../drivers/fsl_lpi2c.c:742:10:LPI2C_MasterReceive	24	static
../drivers/fsl_lpi2c.c:823:10:LPI2C_MasterSend	16	static
../drivers/fsl_lpi2c.c:862:10:LPI2C_MasterTransferBlocking	40	static
../drivers/fsl_lpi2c.c:973:6:LPI2C_MasterTransferCreateHandle	24	static
../drivers/fsl_lpi2c.c:1270:10:LPI2C_MasterTransferNonBlocking	24	static
../drivers/fsl_lpi2c.c:1325:10:LPI2C_MasterTransferGetCount	16	static
../drivers/fsl_lpi2c.c:1393:6:LPI2C_MasterTransferAbort	0	static
../drivers/fsl_lpi2c.c:1418:6:LPI2C_MasterTransferHandleIRQ	32	static
../drivers/fsl_lpi2c.c:1497:6:LPI2C_SlaveGetDefaultConfig	8	static
../drivers/fsl_lpi2c.c:1533:6:LPI2C_SlaveInit	24	static
../drivers/fsl_lpi2c.c:1589:6:LPI2C_SlaveDeinit	8	static
../drivers/fsl_lpi2c.c:1656:10:LPI2C_SlaveSend	32	static
../drivers/fsl_lpi2c.c:1743:10:LPI2C_SlaveReceive	32	static
../drivers/fsl_lpi2c.c:1837:6:LPI2C_SlaveTransferCreateHandle	24	static
../drivers/fsl_lpi2c.c:1894:10:LPI2C_SlaveTransferNonBlocking	16	static
../drivers/fsl_lpi2c.c:1951:10:LPI2C_SlaveTransferGetCount	8	static
../drivers/fsl_lpi2c.c:1986:6:LPI2C_SlaveTransferAbort	8	static
../drivers/fsl_lpi2c.c:2200:6:LPI2C1_DriverIRQHandler	8	static
../drivers/fsl_lpi2c.c:2209:6:LPI2C2_DriverIRQHandler	8	static
../drivers/fsl_lpi2c.c:2218:6:LPI2C3_DriverIRQHandler	8	static
../drivers/fsl_lpi2c.c:2227:6:LPI2C4_DriverIRQHandler	8	static
../drivers/fsl_lpi2c.c:2236:6:LPI2C5_DriverIRQHandler	8	static
../drivers/fsl_lpi2c.c:2245:6:LPI2C6_DriverIRQHandler	8	static
